// Jest Snapshot v1, https://goo.gl/fbAQLP

exports[`Logo renders logo 1`] = `
<img
  alt="Amplience logo"
  className="jsx-2718936118 logo"
  src="/static/images/logo-100h.png"
  srcSet="/static/images/logo-50h.png 1x, /static/images/logo-100h.png 2x"
/>
`;
