// Jest Snapshot v1, https://goo.gl/fbAQLP

exports[`Footer renders a footer component 1`] = `
<footer
  className="jsx-27833366"
>
  <section
    className="jsx-27833366"
  >
    <div
      className="jsx-27833366 footer-info"
    >
      <div
        className="jsx-27833366 footer-info-top"
      >
        <img
          alt="Amplience logo"
          className="jsx-2718936118 logo"
          src="/static/images/logo-100h.png"
          srcSet="/static/images/logo-50h.png 1x, /static/images/logo-100h.png 2x"
        />
        <div
          className="jsx-27833366 social-links"
        >
          <a
            className="jsx-3655793200"
            href="//twitter.com/amplience"
            rel="noreferrer"
            target="_new"
          >
            <img
              alt="Twitter logo"
              className="jsx-27833366"
              src="/static/images/social/ic_twitter.svg"
            />
          </a>
          <a
            className="jsx-3655793200"
            href="//www.linkedin.com/company/amplience/"
            rel="noreferrer"
            target="_new"
          >
            <img
              alt="Linkedin logo"
              className="jsx-27833366"
              src="/static/images/social/ic_linkedin.svg"
            />
          </a>
        </div>
      </div>
      <div
        className="jsx-27833366 copyright"
      >
        Â© Copyright Amplience 
        2019
      </div>
    </div>
    <div
      className="jsx-27833366 footer-links"
    >
      <section
        className="jsx-287747732 footer-links-section"
      >
        <h4
          className="jsx-287747732"
        >
          For Developers
        </h4>
        <ul
          className="jsx-287747732"
        >
          <li>
            <a
              className="jsx-3655793200"
              href="//github.com/amplience/"
              rel="noreferrer"
              target="_new"
            >
              GitHub
            </a>
          </li>
          <li>
            <a
              className="jsx-3655793200"
              href="//stackoverflow.com/questions/tagged/amplience-dynamic-content"
              rel="noreferrer"
              target="_new"
            >
              Stack Overflow
            </a>
          </li>
          <li>
            <a
              className="jsx-3655793200"
              href="//docs.amplience.net/integration/developergettingstarted.html"
              rel="noreferrer"
              target="_new"
            >
              Dynamic Content docs
            </a>
          </li>
          <li>
            <a
              className="jsx-3655793200"
              href="//docs.amplience.net/contenthub.html"
              rel="noreferrer"
              target="_new"
            >
              Content Hub docs
            </a>
          </li>
          <li>
            <a
              className="jsx-3655793200"
              href="//docs.amplience.net/integration/reference.html"
              rel="noreferrer"
              target="_new"
            >
              API reference
            </a>
          </li>
        </ul>
      </section>
      <section
        className="jsx-287747732 footer-links-section"
      >
        <h4
          className="jsx-287747732"
        >
          Company
        </h4>
        <ul
          className="jsx-287747732"
        >
          <li>
            <a
              className="jsx-3655793200"
              href="//amplience.com"
              rel="noreferrer"
              target="_new"
            >
              Website
            </a>
          </li>
          <li>
            <a
              className="jsx-3655793200"
              href="//amplience.com/careers"
              rel="noreferrer"
              target="_new"
            >
              Careers
            </a>
          </li>
          <li>
            <a
              className="jsx-3655793200"
              href="//amplience.com/privacy-cookie-policy"
              rel="noreferrer"
              target="_new"
            >
              Privacy policy
            </a>
          </li>
          <li>
            <a
              className="jsx-3655793200"
              href="//docs.amplience.net/releasenotes/readme.html"
              rel="noreferrer"
              target="_new"
            >
              What\`s new
            </a>
          </li>
        </ul>
      </section>
    </div>
  </section>
</footer>
`;
